
> my-project@0.1.0 build
> next build

Ôû▓ Next.js 16.1.6 (Turbopack)
- Environments: .env.local, .env

  Creating an optimized production build ...
Ô£ô Compiled successfully in 20.4s
  Running TypeScript ...
node.exe : Failed to 
compile.
No linha:1 caractere:1
+ & 
"D:\instalaçoes/node.exe" "D
:\instalaçoes/node_modules/n
pm/bin/npm- ...
+ ~~~~~~~~~~~~~~~~~~~~~~~~~~
~~~~~~~~~~~~~~~~~~~~~~~~~~~~
~~~~~~~~~~~~~~~
    + CategoryInfo          
    : NotSpecified: (Faile  
  d to compile.:String) [   
 ], RemoteException
    + FullyQualifiedErrorId 
    : NativeCommandError
 

./lib/email-service.ts:1:24
Type error: Could not find 
a declaration file for 
module 'nodemailer'. 
'D:/app/sistema confeitaria/
node_modules/nodemailer/lib/
nodemailer.js' implicitly 
has an 'any' type.
  Try `npm i --save-dev 
@types/nodemailer` if it 
exists or add a new 
declaration (.d.ts) file 
containing `declare module 
'nodemailer';`

[0m[31m[1m>[22m[39m[90
m 1 |[39m [36mimport[39m 
nodemailer [36mfrom[39m 
[32m"nodemailer"[39m
 [90m   |[39m             
           
[31m[1m^[22m[39m
 [90m 2 |[39m
 [90m 3 |[39m 
[36mexport[39m 
[36mconst[39m transporter 
[33m=[39m nodemailer[33m.
[39mcreateTransport({
 [90m 4 |[39m     
host[33m:[39m process[33m
.[39menv[33m.[39m[33mSMT
P_HOST[39m[33m,[39m[0m
Next.js build worker exited 
with code: 1 and signal: 
null
